<?xml version="1.0" encoding="UTF-8"?>
<testsuites name="cicd-dashboard-jest" tests="1" failures="0" errors="0" time="1.209">
  <testsuite name="undefined" errors="0" failures="0" skipped="0" timestamp="2025-11-07T16:14:06" time="0.391" tests="1">
    <testcase classname=" sanity check" name=" sanity check" time="0.002">
    </testcase>
  </testsuite>
</testsuites>